
**************************************************************
 Geant4 version Name: geant4-11-03-patch-02 [MT]   (25-April-2025)
  << in Multi-threaded mode >> 
                       Copyright : Geant4 Collaboration
                      References : NIM A 506 (2003), 250-303
                                 : IEEE-TNS 53 (2006), 270-278
                                 : NIM A 835 (2016), 186-225
                             WWW : http://geant4.org/
**************************************************************

[DetectorConstruction] Selected geometry: 4pi
Visualization Manager instantiating with verbosity "warnings (3)"...
Visualization Manager initialising...
Registering graphics systems...

You have successfully registered the following graphics systems.
Registered graphics systems are:
  ASCIITree (ATree)
  DAWNFILE (DAWNFILE)
  G4HepRepFile (HepRepFile)
  RayTracer (RayTracer)
  VRML2FILE (VRML2FILE)
  gMocrenFile (gMocrenFile)
  TOOLSSG_OFFSCREEN (TSG_OFFSCREEN, TSG_FILE)
  OpenGLImmediateQt (OGLIQt, OGLI)
  OpenGLStoredQt (OGLSQt, OGL, OGLS)
  OpenGLImmediateX (OGLIX, OGLIQt_FALLBACK)
  OpenGLStoredX (OGLSX, OGLSQt_FALLBACK)
  TOOLSSG_X11_GLES (TSG_X11_GLES, TSGX11, TSG_QT_GLES_FALLBACK)
  TOOLSSG_X11_ZB (TSG_X11_ZB, TSGX11ZB)
  TOOLSSG_QT_GLES (TSG_QT_GLES, TSGQt, TSG)
  TOOLSSG_QT_ZB (TSG_QT_ZB, TSGQtZB)
You may choose a graphics system (driver) with a parameter of
the command "/vis/open" or "/vis/sceneHandler/create",
or you may omit the driver parameter and choose at run time:
- by argument in the construction of G4VisExecutive;
- by environment variable "G4VIS_DEFAULT_DRIVER";
- by entry in "~/.g4session";
- by build flags.
- Note: This feature is not allowed in batch mode.
For further information see "examples/basic/B1/exampleB1.cc"
and "vis.mac".

Registering model factories...

You have successfully registered the following model factories.
Registered model factories:
  generic
  drawByAttribute
  drawByCharge
  drawByOriginVolume
  drawByParticleID
  drawByEncounteredVolume

Registered models:
  None

Registered filter factories:
  attributeFilter
  chargeFilter
  originVolumeFilter
  particleFilter
  encounteredVolumeFilter

Registered filters:
  None

You have successfully registered the following user vis actions.
Run Duration User Vis Actions: none
End of Event User Vis Actions: none
End of Run User Vis Actions: none

Some /vis commands (optionally) take a string to specify colour.
"/vis/list" to see available colours.
[x17sim] Input file : /home/daniel/GitHub/X17_ATOMKI_simulation/data/data_pair_creation.txt
[x17sim] Output file: /home/daniel/GitHub/X17_ATOMKI_simulation/results/4pi/sampled.root
[x17sim] Mode       : signal
[x17sim] Geometry   : 4pi

==========================================================================================
G4TaskRunManager :: Using G4ThreadPool...
==========================================================================================

Checking overlaps for volume LiTargetPV:0 (G4Tubs) ... OK! 
[DetectorConstruction] Constructing geometry: 4pi
Checking overlaps for volume FourPiForwardHemisphereSiliconPV:0 (G4Box) ... OK! 
Checking overlaps for volume FourPiForwardHemisphereScintillatorPV:0 (G4Box) ... OK! 
Checking overlaps for volume FourPiForwardHemisphereSiliconPV:1 (G4Box) ... OK! 
Checking overlaps for volume FourPiForwardHemisphereScintillatorPV:1 (G4Box) ... 
-------- WWWW ------- G4Exception-START -------- WWWW -------
*** G4Exception : GeomVol1002
      issued by : G4PVPlacement::CheckOverlaps()
Overlap with volume already placed !
          Overlap is detected for volume FourPiForwardHemisphereScintillatorPV:1 (G4Box) with FourPiForwardHemisphereScintillatorPV:0 (G4Box)
          overlap at local point (-7.7225,38.1758,-38.1915) by 2.2775 mm  (max of 7 cases)
NOTE: Reached maximum fixed number -1- of overlaps reports for this volume !
*** This is just a warning message. ***
-------- WWWW -------- G4Exception-END --------- WWWW -------

Checking overlaps for volume FourPiForwardHemisphereSiliconPV:2 (G4Box) ... OK! 
Checking overlaps for volume FourPiForwardHemisphereScintillatorPV:2 (G4Box) ... 
-------- WWWW ------- G4Exception-START -------- WWWW -------
*** G4Exception : GeomVol1002
      issued by : G4PVPlacement::CheckOverlaps()
Overlap with volume already placed !
          Overlap is detected for volume FourPiForwardHemisphereScintillatorPV:2 (G4Box) with FourPiForwardHemisphereScintillatorPV:1 (G4Box)
          overlap at local point (-1.13502,40.8655,-41.6357) by 134.546 um  (max of 2 cases)
NOTE: Reached maximum fixed number -1- of overlaps reports for this volume !
*** This is just a warning message. ***
-------- WWWW -------- G4Exception-END --------- WWWW -------

Checking overlaps for volume FourPiForwardHemisphereSiliconPV:3 (G4Box) ... OK! 
Checking overlaps for volume FourPiForwardHemisphereScintillatorPV:3 (G4Box) ... 
-------- WWWW ------- G4Exception-START -------- WWWW -------
*** G4Exception : GeomVol1002
      issued by : G4PVPlacement::CheckOverlaps()
Overlap with volume already placed !
          Overlap is detected for volume FourPiForwardHemisphereScintillatorPV:3 (G4Box) with FourPiForwardHemisphereScintillatorPV:2 (G4Box)
          overlap at local point (-5.10267,38.2298,-40.2392) by 2.76076 mm  (max of 9 cases)
NOTE: Reached maximum fixed number -1- of overlaps reports for this volume !
*** This is just a warning message. ***
-------- WWWW -------- G4Exception-END --------- WWWW -------

Checking overlaps for volume FourPiForwardHemisphereSiliconPV:4 (G4Box) ... 
-------- WWWW ------- G4Exception-START -------- WWWW -------
*** G4Exception : GeomVol1002
      issued by : G4PVPlacement::CheckOverlaps()
Overlap with volume already placed !
          Overlap is detected for volume FourPiForwardHemisphereSiliconPV:4 (G4Box) with FourPiForwardHemisphereSiliconPV:3 (G4Box)
          overlap at local point (-0.119988,40.2136,-40.0087) by 130.012 um  (max of 1 cases)
NOTE: Reached maximum fixed number -1- of overlaps reports for this volume !
*** This is just a warning message. ***
-------- WWWW -------- G4Exception-END --------- WWWW -------

Checking overlaps for volume FourPiForwardHemisphereScintillatorPV:4 (G4Box) ... 
-------- WWWW ------- G4Exception-START -------- WWWW -------
*** G4Exception : GeomVol1002
      issued by : G4PVPlacement::CheckOverlaps()
Overlap with volume already placed !
          Overlap is detected for volume FourPiForwardHemisphereScintillatorPV:4 (G4Box) with FourPiForwardHemisphereScintillatorPV:3 (G4Box)
          overlap at local point (-6.13117,38.1006,-39.6005) by 2.89935 mm  (max of 4 cases)
NOTE: Reached maximum fixed number -1- of overlaps reports for this volume !
*** This is just a warning message. ***
-------- WWWW -------- G4Exception-END --------- WWWW -------

Checking overlaps for volume FourPiForwardHemisphereSiliconPV:5 (G4Box) ... 
-------- WWWW ------- G4Exception-START -------- WWWW -------
*** G4Exception : GeomVol1002
      issued by : G4PVPlacement::CheckOverlaps()
Overlap with volume already placed !
          Overlap is detected for volume FourPiForwardHemisphereSiliconPV:5 (G4Box) with FourPiForwardHemisphereSiliconPV:0 (G4Box)
          overlap at local point (0.0938291,38.9177,40.2014) by 156.171 um  (max of 2 cases)
NOTE: Reached maximum fixed number -1- of overlaps reports for this volume !
*** This is just a warning message. ***
-------- WWWW -------- G4Exception-END --------- WWWW -------

Checking overlaps for volume FourPiForwardHemisphereScintillatorPV:5 (G4Box) ... 
-------- WWWW ------- G4Exception-START -------- WWWW -------
*** G4Exception : GeomVol1002
      issued by : G4PVPlacement::CheckOverlaps()
Overlap with volume already placed !
          Overlap is detected for volume FourPiForwardHemisphereScintillatorPV:5 (G4Box) with FourPiForwardHemisphereScintillatorPV:0 (G4Box)
          overlap at local point (-6.73595,37.6409,39.8118) by 3.18821 mm  (max of 5 cases)
NOTE: Reached maximum fixed number -1- of overlaps reports for this volume !
*** This is just a warning message. ***
-------- WWWW -------- G4Exception-END --------- WWWW -------

Checking overlaps for volume FourPiForwardHemisphereSiliconPV:6 (G4Box) ... OK! 
Checking overlaps for volume FourPiForwardHemisphereScintillatorPV:6 (G4Box) ... OK! 
Checking overlaps for volume FourPiForwardHemisphereSiliconPV:7 (G4Box) ... OK! 
Checking overlaps for volume FourPiForwardHemisphereScintillatorPV:7 (G4Box) ... OK! 
Checking overlaps for volume FourPiForwardHemisphereSiliconPV:8 (G4Box) ... OK! 
Checking overlaps for volume FourPiForwardHemisphereScintillatorPV:8 (G4Box) ... OK! 
Checking overlaps for volume FourPiForwardHemisphereSiliconPV:9 (G4Box) ... OK! 
Checking overlaps for volume FourPiForwardHemisphereScintillatorPV:9 (G4Box) ... OK! 
Checking overlaps for volume FourPiForwardHemisphereSiliconPV:10 (G4Box) ... OK! 
Checking overlaps for volume FourPiForwardHemisphereScintillatorPV:10 (G4Box) ... OK! 
Checking overlaps for volume FourPiForwardHemisphereSiliconPV:11 (G4Box) ... OK! 
Checking overlaps for volume FourPiForwardHemisphereScintillatorPV:11 (G4Box) ... OK! 
Checking overlaps for volume FourPiForwardHemisphereSiliconPV:12 (G4Box) ... OK! 
Checking overlaps for volume FourPiForwardHemisphereScintillatorPV:12 (G4Box) ... OK! 
Checking overlaps for volume FourPiForwardHemisphereSiliconPV:13 (G4Box) ... OK! 
Checking overlaps for volume FourPiForwardHemisphereScintillatorPV:13 (G4Box) ... OK! 
Checking overlaps for volume FourPiForwardHemisphereSiliconPV:14 (G4Box) ... OK! 
Checking overlaps for volume FourPiForwardHemisphereScintillatorPV:14 (G4Box) ... OK! 
Checking overlaps for volume FourPiForwardHemisphereSiliconPV:15 (G4Box) ... OK! 
Checking overlaps for volume FourPiForwardHemisphereScintillatorPV:15 (G4Box) ... OK! 
Checking overlaps for volume FourPiForwardHemisphereSiliconPV:16 (G4Box) ... OK! 
Checking overlaps for volume FourPiForwardHemisphereScintillatorPV:16 (G4Box) ... OK! 
Checking overlaps for volume FourPiForwardHemisphereSiliconPV:17 (G4Box) ... OK! 
Checking overlaps for volume FourPiForwardHemisphereScintillatorPV:17 (G4Box) ... OK! 
Checking overlaps for volume FourPiForwardHemisphereSiliconPV:18 (G4Box) ... OK! 
Checking overlaps for volume FourPiForwardHemisphereScintillatorPV:18 (G4Box) ... OK! 
Checking overlaps for volume FourPiForwardHemisphereSiliconPV:19 (G4Box) ... OK! 
Checking overlaps for volume FourPiForwardHemisphereScintillatorPV:19 (G4Box) ... OK! 
Checking overlaps for volume FourPiForwardHemisphereSiliconPV:20 (G4Box) ... OK! 
Checking overlaps for volume FourPiForwardHemisphereScintillatorPV:20 (G4Box) ... OK! 
Checking overlaps for volume FourPiForwardHemisphereSiliconPV:21 (G4Box) ... OK! 
Checking overlaps for volume FourPiForwardHemisphereScintillatorPV:21 (G4Box) ... OK! 
Checking overlaps for volume FourPiForwardHemisphereSiliconPV:22 (G4Box) ... OK! 
Checking overlaps for volume FourPiForwardHemisphereScintillatorPV:22 (G4Box) ... OK! 
Checking overlaps for volume FourPiForwardHemisphereSiliconPV:23 (G4Box) ... OK! 
Checking overlaps for volume FourPiForwardHemisphereScintillatorPV:23 (G4Box) ... OK! 
Checking overlaps for volume FourPiForwardHemisphereSiliconPV:24 (G4Box) ... OK! 
Checking overlaps for volume FourPiForwardHemisphereScintillatorPV:24 (G4Box) ... OK! 
Checking overlaps for volume FourPiForwardHemisphereSiliconPV:25 (G4Box) ... OK! 
Checking overlaps for volume FourPiForwardHemisphereScintillatorPV:25 (G4Box) ... OK! 
Checking overlaps for volume FourPiForwardHemisphereSiliconPV:26 (G4Box) ... OK! 
Checking overlaps for volume FourPiForwardHemisphereScintillatorPV:26 (G4Box) ... OK! 
Checking overlaps for volume FourPiForwardHemisphereSiliconPV:27 (G4Box) ... OK! 
Checking overlaps for volume FourPiForwardHemisphereScintillatorPV:27 (G4Box) ... OK! 
Checking overlaps for volume FourPiForwardHemisphereSiliconPV:28 (G4Box) ... OK! 
Checking overlaps for volume FourPiForwardHemisphereScintillatorPV:28 (G4Box) ... OK! 
Checking overlaps for volume FourPiForwardHemisphereSiliconPV:29 (G4Box) ... OK! 
Checking overlaps for volume FourPiForwardHemisphereScintillatorPV:29 (G4Box) ... OK! 
Checking overlaps for volume FourPiBackwardHemisphereSiliconPV:30 (G4Box) ... OK! 
Checking overlaps for volume FourPiBackwardHemisphereScintillatorPV:30 (G4Box) ... OK! 
Checking overlaps for volume FourPiBackwardHemisphereSiliconPV:31 (G4Box) ... 
-------- WWWW ------- G4Exception-START -------- WWWW -------
*** G4Exception : GeomVol1002
      issued by : G4PVPlacement::CheckOverlaps()
Overlap with volume already placed !
          Overlap is detected for volume FourPiBackwardHemisphereSiliconPV:31 (G4Box) with FourPiBackwardHemisphereSiliconPV:30 (G4Box)
          overlap at local point (0.0554236,-37.426,-39.8161) by 194.576 um  (max of 1 cases)
NOTE: Reached maximum fixed number -1- of overlaps reports for this volume !
*** This is just a warning message. ***
-------- WWWW -------- G4Exception-END --------- WWWW -------

Checking overlaps for volume FourPiBackwardHemisphereScintillatorPV:31 (G4Box) ... 
-------- WWWW ------- G4Exception-START -------- WWWW -------
*** G4Exception : GeomVol1002
      issued by : G4PVPlacement::CheckOverlaps()
Overlap with volume already placed !
          Overlap is detected for volume FourPiBackwardHemisphereScintillatorPV:31 (G4Box) with FourPiBackwardHemisphereScintillatorPV:30 (G4Box)
          overlap at local point (-4.53698,-40.4993,-40.4214) by 500.702 um  (max of 3 cases)
NOTE: Reached maximum fixed number -1- of overlaps reports for this volume !
*** This is just a warning message. ***
-------- WWWW -------- G4Exception-END --------- WWWW -------

Checking overlaps for volume FourPiBackwardHemisphereSiliconPV:32 (G4Box) ... 
-------- WWWW ------- G4Exception-START -------- WWWW -------
*** G4Exception : GeomVol1002
      issued by : G4PVPlacement::CheckOverlaps()
Overlap with volume already placed !
          Overlap is detected for volume FourPiBackwardHemisphereSiliconPV:32 (G4Box) with FourPiBackwardHemisphereSiliconPV:31 (G4Box)
          overlap at local point (0.0102433,-40.0449,-39.8097) by 239.757 um  (max of 1 cases)
NOTE: Reached maximum fixed number -1- of overlaps reports for this volume !
*** This is just a warning message. ***
-------- WWWW -------- G4Exception-END --------- WWWW -------

Checking overlaps for volume FourPiBackwardHemisphereScintillatorPV:32 (G4Box) ... 
-------- WWWW ------- G4Exception-START -------- WWWW -------
*** G4Exception : GeomVol1002
      issued by : G4PVPlacement::CheckOverlaps()
Overlap with volume already placed !
          Overlap is detected for volume FourPiBackwardHemisphereScintillatorPV:32 (G4Box) with FourPiBackwardHemisphereScintillatorPV:31 (G4Box)
          overlap at local point (-6.70822,-36.9067,-40.9573) by 2.04273 mm  (max of 3 cases)
NOTE: Reached maximum fixed number -1- of overlaps reports for this volume !
*** This is just a warning message. ***
-------- WWWW -------- G4Exception-END --------- WWWW -------

Checking overlaps for volume FourPiBackwardHemisphereSiliconPV:33 (G4Box) ... 
-------- WWWW ------- G4Exception-START -------- WWWW -------
*** G4Exception : GeomVol1002
      issued by : G4PVPlacement::CheckOverlaps()
Overlap with volume already placed !
          Overlap is detected for volume FourPiBackwardHemisphereSiliconPV:33 (G4Box) with FourPiBackwardHemisphereSiliconPV:32 (G4Box)
          overlap at local point (-0.0168382,-35.0915,-42.394) by 233.162 um  (max of 3 cases)
NOTE: Reached maximum fixed number -1- of overlaps reports for this volume !
*** This is just a warning message. ***
-------- WWWW -------- G4Exception-END --------- WWWW -------

Checking overlaps for volume FourPiBackwardHemisphereScintillatorPV:33 (G4Box) ... 
-------- WWWW ------- G4Exception-START -------- WWWW -------
*** G4Exception : GeomVol1002
      issued by : G4PVPlacement::CheckOverlaps()
Overlap with volume already placed !
          Overlap is detected for volume FourPiBackwardHemisphereScintillatorPV:33 (G4Box) with FourPiBackwardHemisphereScintillatorPV:32 (G4Box)
          overlap at local point (-5.47665,-38.3138,-39.8067) by 2.68619 mm  (max of 4 cases)
NOTE: Reached maximum fixed number -1- of overlaps reports for this volume !
*** This is just a warning message. ***
-------- WWWW -------- G4Exception-END --------- WWWW -------

Checking overlaps for volume FourPiBackwardHemisphereSiliconPV:34 (G4Box) ... 
-------- WWWW ------- G4Exception-START -------- WWWW -------
*** G4Exception : GeomVol1002
      issued by : G4PVPlacement::CheckOverlaps()
Overlap with volume already placed !
          Overlap is detected for volume FourPiBackwardHemisphereSiliconPV:34 (G4Box) with FourPiBackwardHemisphereSiliconPV:33 (G4Box)
          overlap at local point (0.23886,-37.3974,-39.4292) by 11.1398 um  (max of 1 cases)
NOTE: Reached maximum fixed number -1- of overlaps reports for this volume !
*** This is just a warning message. ***
-------- WWWW -------- G4Exception-END --------- WWWW -------

Checking overlaps for volume FourPiBackwardHemisphereScintillatorPV:34 (G4Box) ... 
-------- WWWW ------- G4Exception-START -------- WWWW -------
*** G4Exception : GeomVol1002
      issued by : G4PVPlacement::CheckOverlaps()
Overlap with volume already placed !
          Overlap is detected for volume FourPiBackwardHemisphereScintillatorPV:34 (G4Box) with FourPiBackwardHemisphereScintillatorPV:33 (G4Box)
          overlap at local point (-4.28637,-39.2003,-39.4527) by 1.79973 mm  (max of 5 cases)
NOTE: Reached maximum fixed number -1- of overlaps reports for this volume !
*** This is just a warning message. ***
-------- WWWW -------- G4Exception-END --------- WWWW -------

Checking overlaps for volume FourPiBackwardHemisphereSiliconPV:35 (G4Box) ... 
-------- WWWW ------- G4Exception-START -------- WWWW -------
*** G4Exception : GeomVol1002
      issued by : G4PVPlacement::CheckOverlaps()
Overlap with volume already placed !
          Overlap is detected for volume FourPiBackwardHemisphereSiliconPV:35 (G4Box) with FourPiBackwardHemisphereSiliconPV:30 (G4Box)
          overlap at local point (-0.0473624,-37.5688,41.198) by 202.638 um  (max of 1 cases)
NOTE: Reached maximum fixed number -1- of overlaps reports for this volume !
*** This is just a warning message. ***
-------- WWWW -------- G4Exception-END --------- WWWW -------

Checking overlaps for volume FourPiBackwardHemisphereScintillatorPV:35 (G4Box) ... 
-------- WWWW ------- G4Exception-START -------- WWWW -------
*** G4Exception : GeomVol1002
      issued by : G4PVPlacement::CheckOverlaps()
Overlap with volume already placed !
          Overlap is detected for volume FourPiBackwardHemisphereScintillatorPV:35 (G4Box) with FourPiBackwardHemisphereScintillatorPV:30 (G4Box)
          overlap at local point (-7.02731,-38.4919,38.2734) by 2.50806 mm  (max of 7 cases)
NOTE: Reached maximum fixed number -1- of overlaps reports for this volume !
*** This is just a warning message. ***
-------- WWWW -------- G4Exception-END --------- WWWW -------

Checking overlaps for volume FourPiBackwardHemisphereSiliconPV:36 (G4Box) ... OK! 
Checking overlaps for volume FourPiBackwardHemisphereScintillatorPV:36 (G4Box) ... OK! 
Checking overlaps for volume FourPiBackwardHemisphereSiliconPV:37 (G4Box) ... OK! 
Checking overlaps for volume FourPiBackwardHemisphereScintillatorPV:37 (G4Box) ... OK! 
Checking overlaps for volume FourPiBackwardHemisphereSiliconPV:38 (G4Box) ... OK! 
Checking overlaps for volume FourPiBackwardHemisphereScintillatorPV:38 (G4Box) ... OK! 
Checking overlaps for volume FourPiBackwardHemisphereSiliconPV:39 (G4Box) ... OK! 
Checking overlaps for volume FourPiBackwardHemisphereScintillatorPV:39 (G4Box) ... OK! 
Checking overlaps for volume FourPiBackwardHemisphereSiliconPV:40 (G4Box) ... OK! 
Checking overlaps for volume FourPiBackwardHemisphereScintillatorPV:40 (G4Box) ... OK! 
Checking overlaps for volume FourPiBackwardHemisphereSiliconPV:41 (G4Box) ... OK! 
Checking overlaps for volume FourPiBackwardHemisphereScintillatorPV:41 (G4Box) ... OK! 
Checking overlaps for volume FourPiBackwardHemisphereSiliconPV:42 (G4Box) ... OK! 
Checking overlaps for volume FourPiBackwardHemisphereScintillatorPV:42 (G4Box) ... OK! 
Checking overlaps for volume FourPiBackwardHemisphereSiliconPV:43 (G4Box) ... OK! 
Checking overlaps for volume FourPiBackwardHemisphereScintillatorPV:43 (G4Box) ... OK! 
Checking overlaps for volume FourPiBackwardHemisphereSiliconPV:44 (G4Box) ... OK! 
Checking overlaps for volume FourPiBackwardHemisphereScintillatorPV:44 (G4Box) ... OK! 
Checking overlaps for volume FourPiBackwardHemisphereSiliconPV:45 (G4Box) ... OK! 
Checking overlaps for volume FourPiBackwardHemisphereScintillatorPV:45 (G4Box) ... OK! 
Checking overlaps for volume FourPiBackwardHemisphereSiliconPV:46 (G4Box) ... 
-------- WWWW ------- G4Exception-START -------- WWWW -------
*** G4Exception : GeomVol1002
      issued by : G4PVPlacement::CheckOverlaps()
Overlap with volume already placed !
          Overlap is detected for volume FourPiBackwardHemisphereSiliconPV:46 (G4Box) with FourPiForwardHemisphereSiliconPV:16 (G4Box)
          overlap at local point (-0.0125295,-38.0954,-38.0181) by 237.471 um  (max of 18 cases)
NOTE: Reached maximum fixed number -1- of overlaps reports for this volume !
*** This is just a warning message. ***
-------- WWWW -------- G4Exception-END --------- WWWW -------

Checking overlaps for volume FourPiBackwardHemisphereScintillatorPV:46 (G4Box) ... 
-------- WWWW ------- G4Exception-START -------- WWWW -------
*** G4Exception : GeomVol1002
      issued by : G4PVPlacement::CheckOverlaps()
Overlap with volume already placed !
          Overlap is detected for volume FourPiBackwardHemisphereScintillatorPV:46 (G4Box) with FourPiForwardHemisphereScintillatorPV:16 (G4Box)
          overlap at local point (-7.14244,-38.3012,-5.80109) by 2.69884 mm  (max of 34 cases)
NOTE: Reached maximum fixed number -1- of overlaps reports for this volume !
*** This is just a warning message. ***
-------- WWWW -------- G4Exception-END --------- WWWW -------

Checking overlaps for volume FourPiBackwardHemisphereSiliconPV:47 (G4Box) ... 
-------- WWWW ------- G4Exception-START -------- WWWW -------
*** G4Exception : GeomVol1002
      issued by : G4PVPlacement::CheckOverlaps()
Overlap with volume already placed !
          Overlap is detected for volume FourPiBackwardHemisphereSiliconPV:47 (G4Box) with FourPiForwardHemisphereSiliconPV:17 (G4Box)
          overlap at local point (0.0136785,-38.0234,-14.0646) by 236.321 um  (max of 15 cases)
NOTE: Reached maximum fixed number -1- of overlaps reports for this volume !
*** This is just a warning message. ***
-------- WWWW -------- G4Exception-END --------- WWWW -------

Checking overlaps for volume FourPiBackwardHemisphereScintillatorPV:47 (G4Box) ... 
-------- WWWW ------- G4Exception-START -------- WWWW -------
*** G4Exception : GeomVol1002
      issued by : G4PVPlacement::CheckOverlaps()
Overlap with volume already placed !
          Overlap is detected for volume FourPiBackwardHemisphereScintillatorPV:47 (G4Box) with FourPiForwardHemisphereScintillatorPV:17 (G4Box)
          overlap at local point (-7.20982,-38.2766,34.4393) by 2.72336 mm  (max of 52 cases)
NOTE: Reached maximum fixed number -1- of overlaps reports for this volume !
*** This is just a warning message. ***
-------- WWWW -------- G4Exception-END --------- WWWW -------

Checking overlaps for volume FourPiBackwardHemisphereSiliconPV:48 (G4Box) ... 
-------- WWWW ------- G4Exception-START -------- WWWW -------
*** G4Exception : GeomVol1002
      issued by : G4PVPlacement::CheckOverlaps()
Overlap with volume already placed !
          Overlap is detected for volume FourPiBackwardHemisphereSiliconPV:48 (G4Box) with FourPiForwardHemisphereSiliconPV:18 (G4Box)
          overlap at local point (0.0346071,-39.4278,-20.4915) by 215.393 um  (max of 17 cases)
NOTE: Reached maximum fixed number -1- of overlaps reports for this volume !
*** This is just a warning message. ***
-------- WWWW -------- G4Exception-END --------- WWWW -------

Checking overlaps for volume FourPiBackwardHemisphereScintillatorPV:48 (G4Box) ... 
-------- WWWW ------- G4Exception-START -------- WWWW -------
*** G4Exception : GeomVol1002
      issued by : G4PVPlacement::CheckOverlaps()
Overlap with volume already placed !
          Overlap is detected for volume FourPiBackwardHemisphereScintillatorPV:48 (G4Box) with FourPiForwardHemisphereScintillatorPV:18 (G4Box)
          overlap at local point (-7.22302,-38.2718,32.8559) by 2.72817 mm  (max of 46 cases)
NOTE: Reached maximum fixed number -1- of overlaps reports for this volume !
*** This is just a warning message. ***
-------- WWWW -------- G4Exception-END --------- WWWW -------

Checking overlaps for volume FourPiBackwardHemisphereSiliconPV:49 (G4Box) ... 
-------- WWWW ------- G4Exception-START -------- WWWW -------
*** G4Exception : GeomVol1002
      issued by : G4PVPlacement::CheckOverlaps()
Overlap with volume already placed !
          Overlap is detected for volume FourPiBackwardHemisphereSiliconPV:49 (G4Box) with FourPiForwardHemisphereSiliconPV:19 (G4Box)
          overlap at local point (-0.00171391,-38.0657,41.7594) by 248.286 um  (max of 17 cases)
NOTE: Reached maximum fixed number -1- of overlaps reports for this volume !
*** This is just a warning message. ***
-------- WWWW -------- G4Exception-END --------- WWWW -------

Checking overlaps for volume FourPiBackwardHemisphereScintillatorPV:49 (G4Box) ... 
-------- WWWW ------- G4Exception-START -------- WWWW -------
*** G4Exception : GeomVol1002
      issued by : G4PVPlacement::CheckOverlaps()
Overlap with volume already placed !
          Overlap is detected for volume FourPiBackwardHemisphereScintillatorPV:49 (G4Box) with FourPiForwardHemisphereScintillatorPV:19 (G4Box)
          overlap at local point (-6.77298,-38.4356,-15.976) by 2.56436 mm  (max of 54 cases)
NOTE: Reached maximum fixed number -1- of overlaps reports for this volume !
*** This is just a warning message. ***
-------- WWWW -------- G4Exception-END --------- WWWW -------

Checking overlaps for volume FourPiBackwardHemisphereSiliconPV:50 (G4Box) ... 
-------- WWWW ------- G4Exception-START -------- WWWW -------
*** G4Exception : GeomVol1002
      issued by : G4PVPlacement::CheckOverlaps()
Overlap with volume already placed !
          Overlap is detected for volume FourPiBackwardHemisphereSiliconPV:50 (G4Box) with FourPiForwardHemisphereSiliconPV:20 (G4Box)
          overlap at local point (0.00758887,-39.502,-24.0419) by 242.411 um  (max of 15 cases)
NOTE: Reached maximum fixed number -1- of overlaps reports for this volume !
*** This is just a warning message. ***
-------- WWWW -------- G4Exception-END --------- WWWW -------

Checking overlaps for volume FourPiBackwardHemisphereScintillatorPV:50 (G4Box) ... 
-------- WWWW ------- G4Exception-START -------- WWWW -------
*** G4Exception : GeomVol1002
      issued by : G4PVPlacement::CheckOverlaps()
Overlap with volume already placed !
          Overlap is detected for volume FourPiBackwardHemisphereScintillatorPV:50 (G4Box) with FourPiForwardHemisphereScintillatorPV:20 (G4Box)
          overlap at local point (-6.55853,-38.5137,-24.4268) by 2.48631 mm  (max of 46 cases)
NOTE: Reached maximum fixed number -1- of overlaps reports for this volume !
*** This is just a warning message. ***
-------- WWWW -------- G4Exception-END --------- WWWW -------

Checking overlaps for volume FourPiBackwardHemisphereSiliconPV:51 (G4Box) ... 
-------- WWWW ------- G4Exception-START -------- WWWW -------
*** G4Exception : GeomVol1002
      issued by : G4PVPlacement::CheckOverlaps()
Overlap with volume already placed !
          Overlap is detected for volume FourPiBackwardHemisphereSiliconPV:51 (G4Box) with FourPiForwardHemisphereSiliconPV:21 (G4Box)
          overlap at local point (0.0248137,-37.9928,-37.9991) by 225.186 um  (max of 20 cases)
NOTE: Reached maximum fixed number -1- of overlaps reports for this volume !
*** This is just a warning message. ***
-------- WWWW -------- G4Exception-END --------- WWWW -------

Checking overlaps for volume FourPiBackwardHemisphereScintillatorPV:51 (G4Box) ... 
-------- WWWW ------- G4Exception-START -------- WWWW -------
*** G4Exception : GeomVol1002
      issued by : G4PVPlacement::CheckOverlaps()
Overlap with volume already placed !
          Overlap is detected for volume FourPiBackwardHemisphereScintillatorPV:51 (G4Box) with FourPiForwardHemisphereScintillatorPV:21 (G4Box)
          overlap at local point (-6.94471,-38.3731,5.07726) by 2.62687 mm  (max of 49 cases)
NOTE: Reached maximum fixed number -1- of overlaps reports for this volume !
*** This is just a warning message. ***
-------- WWWW -------- G4Exception-END --------- WWWW -------

Checking overlaps for volume FourPiBackwardHemisphereSiliconPV:52 (G4Box) ... 
-------- WWWW ------- G4Exception-START -------- WWWW -------
*** G4Exception : GeomVol1002
      issued by : G4PVPlacement::CheckOverlaps()
Overlap with volume already placed !
          Overlap is detected for volume FourPiBackwardHemisphereSiliconPV:52 (G4Box) with FourPiForwardHemisphereSiliconPV:22 (G4Box)
          overlap at local point (-0.018246,-38.1111,-17.6322) by 231.754 um  (max of 17 cases)
NOTE: Reached maximum fixed number -1- of overlaps reports for this volume !
*** This is just a warning message. ***
-------- WWWW -------- G4Exception-END --------- WWWW -------

Checking overlaps for volume FourPiBackwardHemisphereScintillatorPV:52 (G4Box) ... 
-------- WWWW ------- G4Exception-START -------- WWWW -------
*** G4Exception : GeomVol1002
      issued by : G4PVPlacement::CheckOverlaps()
Overlap with volume already placed !
          Overlap is detected for volume FourPiBackwardHemisphereScintillatorPV:52 (G4Box) with FourPiForwardHemisphereScintillatorPV:22 (G4Box)
          overlap at local point (-7.10873,-38.3134,5.38573) by 2.68657 mm  (max of 58 cases)
NOTE: Reached maximum fixed number -1- of overlaps reports for this volume !
*** This is just a warning message. ***
-------- WWWW -------- G4Exception-END --------- WWWW -------

Checking overlaps for volume FourPiBackwardHemisphereSiliconPV:53 (G4Box) ... 
-------- WWWW ------- G4Exception-START -------- WWWW -------
*** G4Exception : GeomVol1002
      issued by : G4PVPlacement::CheckOverlaps()
Overlap with volume already placed !
          Overlap is detected for volume FourPiBackwardHemisphereSiliconPV:53 (G4Box) with FourPiForwardHemisphereSiliconPV:23 (G4Box)
          overlap at local point (0.0415885,-39.4086,-40.1361) by 208.411 um  (max of 13 cases)
NOTE: Reached maximum fixed number -1- of overlaps reports for this volume !
*** This is just a warning message. ***
-------- WWWW -------- G4Exception-END --------- WWWW -------

Checking overlaps for volume FourPiBackwardHemisphereScintillatorPV:53 (G4Box) ... 
-------- WWWW ------- G4Exception-START -------- WWWW -------
*** G4Exception : GeomVol1002
      issued by : G4PVPlacement::CheckOverlaps()
Overlap with volume already placed !
          Overlap is detected for volume FourPiBackwardHemisphereScintillatorPV:53 (G4Box) with FourPiForwardHemisphereScintillatorPV:23 (G4Box)
          overlap at local point (-7.11811,-38.31,9.29729) by 2.68998 mm  (max of 58 cases)
NOTE: Reached maximum fixed number -1- of overlaps reports for this volume !
*** This is just a warning message. ***
-------- WWWW -------- G4Exception-END --------- WWWW -------

Checking overlaps for volume FourPiBackwardHemisphereSiliconPV:54 (G4Box) ... 
-------- WWWW ------- G4Exception-START -------- WWWW -------
*** G4Exception : GeomVol1002
      issued by : G4PVPlacement::CheckOverlaps()
Overlap with volume already placed !
          Overlap is detected for volume FourPiBackwardHemisphereSiliconPV:54 (G4Box) with FourPiForwardHemisphereSiliconPV:24 (G4Box)
          overlap at local point (0.012294,-39.4891,-11.4358) by 237.706 um  (max of 17 cases)
NOTE: Reached maximum fixed number -1- of overlaps reports for this volume !
*** This is just a warning message. ***
-------- WWWW -------- G4Exception-END --------- WWWW -------

Checking overlaps for volume FourPiBackwardHemisphereScintillatorPV:54 (G4Box) ... 
-------- WWWW ------- G4Exception-START -------- WWWW -------
*** G4Exception : GeomVol1002
      issued by : G4PVPlacement::CheckOverlaps()
Overlap with volume already placed !
          Overlap is detected for volume FourPiBackwardHemisphereScintillatorPV:54 (G4Box) with FourPiForwardHemisphereScintillatorPV:24 (G4Box)
          overlap at local point (-7.13305,-38.3046,-16.2458) by 2.69542 mm  (max of 55 cases)
NOTE: Reached maximum fixed number -1- of overlaps reports for this volume !
*** This is just a warning message. ***
-------- WWWW -------- G4Exception-END --------- WWWW -------

Checking overlaps for volume FourPiBackwardHemisphereSiliconPV:55 (G4Box) ... 
-------- WWWW ------- G4Exception-START -------- WWWW -------
*** G4Exception : GeomVol1002
      issued by : G4PVPlacement::CheckOverlaps()
Overlap with volume already placed !
          Overlap is detected for volume FourPiBackwardHemisphereSiliconPV:55 (G4Box) with FourPiForwardHemisphereSiliconPV:25 (G4Box)
          overlap at local point (-0.00277566,-39.5305,10.4922) by 247.224 um  (max of 12 cases)
NOTE: Reached maximum fixed number -1- of overlaps reports for this volume !
*** This is just a warning message. ***
-------- WWWW -------- G4Exception-END --------- WWWW -------

Checking overlaps for volume FourPiBackwardHemisphereScintillatorPV:55 (G4Box) ... 
-------- WWWW ------- G4Exception-START -------- WWWW -------
*** G4Exception : GeomVol1002
      issued by : G4PVPlacement::CheckOverlaps()
Overlap with volume already placed !
          Overlap is detected for volume FourPiBackwardHemisphereScintillatorPV:55 (G4Box) with FourPiForwardHemisphereScintillatorPV:25 (G4Box)
          overlap at local point (-7.26017,-38.2583,-17.1113) by 2.73983 mm  (max of 57 cases)
NOTE: Reached maximum fixed number -1- of overlaps reports for this volume !
*** This is just a warning message. ***
-------- WWWW -------- G4Exception-END --------- WWWW -------

Checking overlaps for volume FourPiBackwardHemisphereSiliconPV:56 (G4Box) ... 
-------- WWWW ------- G4Exception-START -------- WWWW -------
*** G4Exception : GeomVol1002
      issued by : G4PVPlacement::CheckOverlaps()
Overlap with volume already placed !
          Overlap is detected for volume FourPiBackwardHemisphereSiliconPV:56 (G4Box) with FourPiForwardHemisphereSiliconPV:26 (G4Box)
          overlap at local point (0.00188095,-38.0558,2.15152) by 248.119 um  (max of 15 cases)
NOTE: Reached maximum fixed number -1- of overlaps reports for this volume !
*** This is just a warning message. ***
-------- WWWW -------- G4Exception-END --------- WWWW -------

Checking overlaps for volume FourPiBackwardHemisphereScintillatorPV:56 (G4Box) ... 
-------- WWWW ------- G4Exception-START -------- WWWW -------
*** G4Exception : GeomVol1002
      issued by : G4PVPlacement::CheckOverlaps()
Overlap with volume already placed !
          Overlap is detected for volume FourPiBackwardHemisphereScintillatorPV:56 (G4Box) with FourPiForwardHemisphereScintillatorPV:26 (G4Box)
          overlap at local point (-7.30244,-38.2429,-23.1921) by 2.69756 mm  (max of 55 cases)
NOTE: Reached maximum fixed number -1- of overlaps reports for this volume !
*** This is just a warning message. ***
-------- WWWW -------- G4Exception-END --------- WWWW -------

Checking overlaps for volume FourPiBackwardHemisphereSiliconPV:57 (G4Box) ... 
-------- WWWW ------- G4Exception-START -------- WWWW -------
*** G4Exception : GeomVol1002
      issued by : G4PVPlacement::CheckOverlaps()
Overlap with volume already placed !
          Overlap is detected for volume FourPiBackwardHemisphereSiliconPV:57 (G4Box) with FourPiForwardHemisphereSiliconPV:27 (G4Box)
          overlap at local point (0.0166797,-38.0152,12.7128) by 233.32 um  (max of 20 cases)
NOTE: Reached maximum fixed number -1- of overlaps reports for this volume !
*** This is just a warning message. ***
-------- WWWW -------- G4Exception-END --------- WWWW -------

Checking overlaps for volume FourPiBackwardHemisphereScintillatorPV:57 (G4Box) ... 
-------- WWWW ------- G4Exception-START -------- WWWW -------
*** G4Exception : GeomVol1002
      issued by : G4PVPlacement::CheckOverlaps()
Overlap with volume already placed !
          Overlap is detected for volume FourPiBackwardHemisphereScintillatorPV:57 (G4Box) with FourPiForwardHemisphereScintillatorPV:27 (G4Box)
          overlap at local point (-7.32431,-38.235,18.3151) by 2.67569 mm  (max of 48 cases)
NOTE: Reached maximum fixed number -1- of overlaps reports for this volume !
*** This is just a warning message. ***
-------- WWWW -------- G4Exception-END --------- WWWW -------

Checking overlaps for volume FourPiBackwardHemisphereSiliconPV:58 (G4Box) ... 
-------- WWWW ------- G4Exception-START -------- WWWW -------
*** G4Exception : GeomVol1002
      issued by : G4PVPlacement::CheckOverlaps()
Overlap with volume already placed !
          Overlap is detected for volume FourPiBackwardHemisphereSiliconPV:58 (G4Box) with FourPiForwardHemisphereSiliconPV:28 (G4Box)
          overlap at local point (-0.00290371,-39.5309,21.5748) by 247.096 um  (max of 17 cases)
NOTE: Reached maximum fixed number -1- of overlaps reports for this volume !
*** This is just a warning message. ***
-------- WWWW -------- G4Exception-END --------- WWWW -------

Checking overlaps for volume FourPiBackwardHemisphereScintillatorPV:58 (G4Box) ... 
-------- WWWW ------- G4Exception-START -------- WWWW -------
*** G4Exception : GeomVol1002
      issued by : G4PVPlacement::CheckOverlaps()
Overlap with volume already placed !
          Overlap is detected for volume FourPiBackwardHemisphereScintillatorPV:58 (G4Box) with FourPiForwardHemisphereScintillatorPV:28 (G4Box)
          overlap at local point (-7.19994,-38.2802,24.5865) by 2.71977 mm  (max of 54 cases)
NOTE: Reached maximum fixed number -1- of overlaps reports for this volume !
*** This is just a warning message. ***
-------- WWWW -------- G4Exception-END --------- WWWW -------

Checking overlaps for volume FourPiBackwardHemisphereSiliconPV:59 (G4Box) ... 
-------- WWWW ------- G4Exception-START -------- WWWW -------
*** G4Exception : GeomVol1002
      issued by : G4PVPlacement::CheckOverlaps()
Overlap with volume already placed !
          Overlap is detected for volume FourPiBackwardHemisphereSiliconPV:59 (G4Box) with FourPiForwardHemisphereSiliconPV:29 (G4Box)
          overlap at local point (-0.00108084,-38.064,40.5631) by 248.919 um  (max of 17 cases)
NOTE: Reached maximum fixed number -1- of overlaps reports for this volume !
*** This is just a warning message. ***
-------- WWWW -------- G4Exception-END --------- WWWW -------

Checking overlaps for volume FourPiBackwardHemisphereScintillatorPV:59 (G4Box) ... 
-------- WWWW ------- G4Exception-START -------- WWWW -------
*** G4Exception : GeomVol1002
      issued by : G4PVPlacement::CheckOverlaps()
Overlap with volume already placed !
          Overlap is detected for volume FourPiBackwardHemisphereScintillatorPV:59 (G4Box) with FourPiForwardHemisphereScintillatorPV:29 (G4Box)
          overlap at local point (-7.17117,-38.2907,15.5159) by 2.70929 mm  (max of 46 cases)
NOTE: Reached maximum fixed number -1- of overlaps reports for this volume !
*** This is just a warning message. ***
-------- WWWW -------- G4Exception-END --------- WWWW -------


=========================================================================
--> G4TaskRunManager::CreateAndStartWorkers() --> Initializing workers...
=========================================================================

G4WT0 > [generator] MODE = signal
G4WT0 > [generator] INPUT TABLE = /home/daniel/GitHub/X17_ATOMKI_simulation/data/data_pair_creation.txt
G4WT0 > [generator] loaded 10000 rows from data/data_pair_creation.txt format:
G4WT0 > [generator] col1 thetaEE_deg, col2 thetaEe_deg, col3 energyEe_MeV, col4 thetaEp_deg, col5 energyEp_MeV

========= Table of registered couples ============================

Index : 0     used in the geometry : Yes
 Material : G4_AIR
 Range cuts        :  gamma  1 mm     e-  1 mm     e+  1 mm  proton 1 mm 
 Energy thresholds :  gamma  990 eV     e-  990 eV     e+  990 eV  proton -1 MeV
 Region(s) which use this couple : 
    DefaultRegionForTheWorld

Index : 1     used in the geometry : Yes
 Material : G4_Li
 Range cuts        :  gamma  1 mm     e-  1 mm     e+  1 mm  proton 1 mm 
 Energy thresholds :  gamma  1.19198 keV    e-  207.397 keV    e+  203.27 keV proton -1 MeV
 Region(s) which use this couple : 
    DefaultRegionForTheWorld

Index : 2     used in the geometry : Yes
 Material : G4_Si
 Range cuts        :  gamma  1 mm     e-  1 mm     e+  1 mm  proton 1 mm 
 Energy thresholds :  gamma  6.93672 keV    e-  546.311 keV    e+  525.593 keV proton -1 MeV
 Region(s) which use this couple : 
    DefaultRegionForTheWorld

Index : 3     used in the geometry : Yes
 Material : G4_PLASTIC_SC_VINYLTOLUENE
 Range cuts        :  gamma  1 mm     e-  1 mm     e+  1 mm  proton 1 mm 
 Energy thresholds :  gamma  2.3988 keV    e-  356.841 keV    e+  347.078 keV proton -1 MeV
 Region(s) which use this couple : 
    DefaultRegionForTheWorld

==================================================================

### Run 0 starts.
... set ntuple merging row mode : row-wise - done
... create file : /home/daniel/GitHub/X17_ATOMKI_simulation/results/4pi/sampled.root - done
... open analysis file : /home/daniel/GitHub/X17_ATOMKI_simulation/results/4pi/sampled.root - done
... open main analysis file : /home/daniel/GitHub/X17_ATOMKI_simulation/results/4pi/sampled.root - done
[RunAction] ROOT output: /home/daniel/GitHub/X17_ATOMKI_simulation/results/4pi/sampled.root

============================================================================================
--> G4TaskRunManager::CreateAndStartWorkers() --> Creating 100 tasks with 100 events/task...
============================================================================================

G4WT0 > ### Run 0 starts on worker thread 0.
G4WT0 > ... set ntuple merging row mode : row-wise - done
G4WT0 > [RunAction] ROOT output: /home/daniel/GitHub/X17_ATOMKI_simulation/results/4pi/sampled.root
G4WT0 > [thread 0] Thread-local run terminated.
G4WT0 > [thread 0] Run Summary
G4WT0 > [thread 0]   Number of events processed : 10000
G4WT0 > [thread 0]   User=0.010000s Real=0.005164s Sys=0.000000s [Cpu=193.7%]
G4WT0 > [RunAction] ROOT file written with exactly two trees: generated, hits.
 Run terminated.
Run Summary
  Number of events processed : 10000
  User=0.580000s Real=0.583746s Sys=0.010000s [Cpu=101.1%]
... write file : /home/daniel/GitHub/X17_ATOMKI_simulation/results/4pi/sampled.root - done
... close file : /home/daniel/GitHub/X17_ATOMKI_simulation/results/4pi/sampled.root - done
[RunAction] ROOT file written with exactly two trees: generated, hits.
Graphics systems deleted.
Visualization Manager deleting...
G4WT0 > ================== Deleting memory pools ===================
G4WT0 > Number of memory pools allocated: 9; of which, static: 0
G4WT0 > Dynamic pools deleted: 9 / Total memory freed: 0.015 MB
G4WT0 > ============================================================
================== Deleting memory pools ===================
Number of memory pools allocated: 3; of which, static: 0
Dynamic pools deleted: 3 / Total memory freed: 0.0048 MB
============================================================
