
Processing /home/daniel/GitHub/X17_ATOMKI_simulation/logs/run_detector_effects_driver.C...
In file included from input_line_9:1:
/home/daniel/GitHub/X17_ATOMKI_simulation/scripts/study_detector_effects.C:56:16: warning: use of infinity is undefined behavior due to the currently enabled floating-point options [-Wnan-infinity-disabled]
        return std::isfinite(x) && std::isfinite(y) && std::isfinite(z);
               ^~~~~~~~~~~~~~~~
/home/daniel/GitHub/X17_ATOMKI_simulation/scripts/study_detector_effects.C:56:36: warning: use of infinity is undefined behavior due to the currently enabled floating-point options [-Wnan-infinity-disabled]
        return std::isfinite(x) && std::isfinite(y) && std::isfinite(z);
                                   ^~~~~~~~~~~~~~~~
/home/daniel/GitHub/X17_ATOMKI_simulation/scripts/study_detector_effects.C:56:56: warning: use of infinity is undefined behavior due to the currently enabled floating-point options [-Wnan-infinity-disabled]
        return std::isfinite(x) && std::isfinite(y) && std::isfinite(z);
                                                       ^~~~~~~~~~~~~~~~

 *** Break *** segmentation violation

[study_detector_effects] Summary
  All generated events      : 200000
  Basic accepted events     : 0
  Global acceptance         : 0 %
  Wrote ntuple              : x17_detector_effects.root



===========================================================
There was a crash.
This is the entire stack trace of all threads:
===========================================================
#0  0x00007e74075107d7 in __GI___wait4 (pid=12098, stat_loc=stat_loc
entry=0x7ffc8f2f0af8, options=options
entry=0, usage=usage
entry=0x0) at ../sysdeps/unix/sysv/linux/wait4.c:30
#1  0x00007e740751091b in __GI___waitpid (pid=<optimized out>, stat_loc=stat_loc
entry=0x7ffc8f2f0af8, options=options
entry=0) at ./posix/waitpid.c:38
#2  0x00007e74074585bb in do_system (line=<optimized out>) at ../sysdeps/posix/system.c:172
#3  0x00007e7407f35561 in TUnixSystem::StackTrace() () from /home/daniel/root-install/lib/libCore.so
#4  0x00007e7407f34ea4 in TUnixSystem::DispatchSignals(ESignals) () from /home/daniel/root-install/lib/libCore.so
#5  <signal handler called>
#6  0x00007e74080800f8 in typeinfo for TObject () from /home/daniel/root-install/lib/libCore.so
#7  0x00007e7407619f6a in ?? ()
#8  0x0000000000000000 in ?? ()
===========================================================


The lines below might hint at the cause of the crash. If you see question
marks as part of the stack trace, try to recompile with debugging information
enabled and export CLING_DEBUG=1 environment variable before running.
You may get help by asking at the ROOT forum https://root.cern/forum
preferably using the command (.forum bug) in the ROOT prompt.
Only if you are really convinced it is a bug in ROOT then please submit a
report at https://root.cern/bugs or (preferably) using the command (.gh bug) in
the ROOT prompt. Please post the ENTIRE stack trace
from above as an attachment in addition to anything else
that might help us fixing this issue.
===========================================================
#6  0x00007e74080800f8 in typeinfo for TObject () from /home/daniel/root-install/lib/libCore.so
#7  0x00007e7407619f6a in ?? ()
#8  0x0000000000000000 in ?? ()
===========================================================


