
**************************************************************
 Geant4 version Name: geant4-11-03-patch-02 [MT]   (25-April-2025)
  << in Multi-threaded mode >> 
                       Copyright : Geant4 Collaboration
                      References : NIM A 506 (2003), 250-303
                                 : IEEE-TNS 53 (2006), 270-278
                                 : NIM A 835 (2016), 186-225
                             WWW : http://geant4.org/
**************************************************************

[DetectorConstruction] Selected geometry: current
Visualization Manager instantiating with verbosity "warnings (3)"...
Visualization Manager initialising...
Registering graphics systems...

You have successfully registered the following graphics systems.
Registered graphics systems are:
  ASCIITree (ATree)
  DAWNFILE (DAWNFILE)
  G4HepRepFile (HepRepFile)
  RayTracer (RayTracer)
  VRML2FILE (VRML2FILE)
  gMocrenFile (gMocrenFile)
  TOOLSSG_OFFSCREEN (TSG_OFFSCREEN, TSG_FILE)
  OpenGLImmediateQt (OGLIQt, OGLI)
  OpenGLStoredQt (OGLSQt, OGL, OGLS)
  OpenGLImmediateX (OGLIX, OGLIQt_FALLBACK)
  OpenGLStoredX (OGLSX, OGLSQt_FALLBACK)
  TOOLSSG_X11_GLES (TSG_X11_GLES, TSGX11, TSG_QT_GLES_FALLBACK)
  TOOLSSG_X11_ZB (TSG_X11_ZB, TSGX11ZB)
  TOOLSSG_QT_GLES (TSG_QT_GLES, TSGQt, TSG)
  TOOLSSG_QT_ZB (TSG_QT_ZB, TSGQtZB)
You may choose a graphics system (driver) with a parameter of
the command "/vis/open" or "/vis/sceneHandler/create",
or you may omit the driver parameter and choose at run time:
- by argument in the construction of G4VisExecutive;
- by environment variable "G4VIS_DEFAULT_DRIVER";
- by entry in "~/.g4session";
- by build flags.
- Note: This feature is not allowed in batch mode.
For further information see "examples/basic/B1/exampleB1.cc"
and "vis.mac".

Registering model factories...

You have successfully registered the following model factories.
Registered model factories:
  generic
  drawByAttribute
  drawByCharge
  drawByOriginVolume
  drawByParticleID
  drawByEncounteredVolume

Registered models:
  None

Registered filter factories:
  attributeFilter
  chargeFilter
  originVolumeFilter
  particleFilter
  encounteredVolumeFilter

Registered filters:
  None

You have successfully registered the following user vis actions.
Run Duration User Vis Actions: none
End of Event User Vis Actions: none
End of Run User Vis Actions: none

Some /vis commands (optionally) take a string to specify colour.
"/vis/list" to see available colours.
[x17sim] Input file : /home/daniel/GitHub/X17_ATOMKI_simulation/data/data_pair_creation.txt
[x17sim] Output file: /home/daniel/GitHub/X17_ATOMKI_simulation/results/current/sampled.root
[x17sim] Mode       : signal
[x17sim] Geometry   : current

==========================================================================================
G4TaskRunManager :: Using G4ThreadPool...
==========================================================================================

Checking overlaps for volume LiTargetPV:0 (G4Tubs) ... OK! 
[DetectorConstruction] Constructing geometry: current
Checking overlaps for volume CurrentSiliconPV:0 (G4Box) ... OK! 
Checking overlaps for volume CurrentScintillatorPV:0 (G4Box) ... OK! 
Checking overlaps for volume CurrentSiliconPV:1 (G4Box) ... OK! 
Checking overlaps for volume CurrentScintillatorPV:1 (G4Box) ... OK! 
Checking overlaps for volume CurrentSiliconPV:2 (G4Box) ... OK! 
Checking overlaps for volume CurrentScintillatorPV:2 (G4Box) ... OK! 
Checking overlaps for volume CurrentSiliconPV:3 (G4Box) ... OK! 
Checking overlaps for volume CurrentScintillatorPV:3 (G4Box) ... OK! 
Checking overlaps for volume CurrentSiliconPV:4 (G4Box) ... OK! 
Checking overlaps for volume CurrentScintillatorPV:4 (G4Box) ... OK! 
Checking overlaps for volume CurrentSiliconPV:5 (G4Box) ... OK! 
Checking overlaps for volume CurrentScintillatorPV:5 (G4Box) ... OK! 

=========================================================================
--> G4TaskRunManager::CreateAndStartWorkers() --> Initializing workers...
=========================================================================

G4WT0 > [generator] MODE = signal
G4WT0 > [generator] INPUT TABLE = /home/daniel/GitHub/X17_ATOMKI_simulation/data/data_pair_creation.txt
G4WT0 > [generator] loaded 10000 rows from data/data_pair_creation.txt format:
G4WT0 > [generator] col1 thetaEE_deg, col2 thetaEe_deg, col3 energyEe_MeV, col4 thetaEp_deg, col5 energyEp_MeV

========= Table of registered couples ============================

Index : 0     used in the geometry : Yes
 Material : G4_AIR
 Range cuts        :  gamma  1 mm     e-  1 mm     e+  1 mm  proton 1 mm 
 Energy thresholds :  gamma  990 eV     e-  990 eV     e+  990 eV  proton -1 MeV
 Region(s) which use this couple : 
    DefaultRegionForTheWorld

Index : 1     used in the geometry : Yes
 Material : G4_Li
 Range cuts        :  gamma  1 mm     e-  1 mm     e+  1 mm  proton 1 mm 
 Energy thresholds :  gamma  1.19198 keV    e-  207.397 keV    e+  203.27 keV proton -1 MeV
 Region(s) which use this couple : 
    DefaultRegionForTheWorld

Index : 2     used in the geometry : Yes
 Material : G4_Si
 Range cuts        :  gamma  1 mm     e-  1 mm     e+  1 mm  proton 1 mm 
 Energy thresholds :  gamma  6.93672 keV    e-  546.311 keV    e+  525.593 keV proton -1 MeV
 Region(s) which use this couple : 
    DefaultRegionForTheWorld

Index : 3     used in the geometry : Yes
 Material : G4_PLASTIC_SC_VINYLTOLUENE
 Range cuts        :  gamma  1 mm     e-  1 mm     e+  1 mm  proton 1 mm 
 Energy thresholds :  gamma  2.3988 keV    e-  356.841 keV    e+  347.078 keV proton -1 MeV
 Region(s) which use this couple : 
    DefaultRegionForTheWorld

==================================================================

### Run 0 starts.
... set ntuple merging row mode : row-wise - done
... create file : /home/daniel/GitHub/X17_ATOMKI_simulation/results/current/sampled.root - done
... open analysis file : /home/daniel/GitHub/X17_ATOMKI_simulation/results/current/sampled.root - done
... open main analysis file : /home/daniel/GitHub/X17_ATOMKI_simulation/results/current/sampled.root - done
[RunAction] ROOT output: /home/daniel/GitHub/X17_ATOMKI_simulation/results/current/sampled.root

============================================================================================
--> G4TaskRunManager::CreateAndStartWorkers() --> Creating 100 tasks with 100 events/task...
============================================================================================

G4WT0 > ### Run 0 starts on worker thread 0.
G4WT0 > ... set ntuple merging row mode : row-wise - done
G4WT0 > [RunAction] ROOT output: /home/daniel/GitHub/X17_ATOMKI_simulation/results/current/sampled.root
G4WT0 > [thread 0] Thread-local run terminated.
G4WT0 > [thread 0] Run Summary
G4WT0 > [thread 0]   Number of events processed : 10000
G4WT0 > [thread 0]   User=0.010000s Real=0.004088s Sys=0.000000s [Cpu=244.6%]
G4WT0 > [RunAction] ROOT file written with exactly two trees: generated, hits.
 Run terminated.
Run Summary
  Number of events processed : 10000
  User=0.430000s Real=0.447030s Sys=0.000000s [Cpu=96.2%]
... write file : /home/daniel/GitHub/X17_ATOMKI_simulation/results/current/sampled.root - done
... close file : /home/daniel/GitHub/X17_ATOMKI_simulation/results/current/sampled.root - done
[RunAction] ROOT file written with exactly two trees: generated, hits.
Graphics systems deleted.
Visualization Manager deleting...
G4WT0 > ================== Deleting memory pools ===================
G4WT0 > Number of memory pools allocated: 9; of which, static: 0
G4WT0 > Dynamic pools deleted: 9 / Total memory freed: 0.015 MB
G4WT0 > ============================================================
================== Deleting memory pools ===================
Number of memory pools allocated: 3; of which, static: 0
Dynamic pools deleted: 3 / Total memory freed: 0.0048 MB
============================================================
